2025-05-30 22:42:02,412 (WARNING) server:927: Could not set locale to en_US.utf8, trying en_US: unsupported locale setting
2025-05-30 22:42:02,412 (ERROR) server:931: Could not set locale to en_US either: unsupported locale setting. Proceeding with default locale.
2025-05-30 22:42:02,436 (CRITICAL) server:1033: Unhandled exception in main: (MySQLdb.OperationalError) (2002, "Can't connect to local MySQL server through socket '/var/run/mysqld/mysqld.sock' (2)")
(Background on this error at: https://sqlalche.me/e/20/e3q8)
Traceback (most recent call last):
  File "/usr/local/lib/python3.10/dist-packages/sqlalchemy/engine/base.py", line 145, in __init__
    self._dbapi_connection = engine.raw_connection()
  File "/usr/local/lib/python3.10/dist-packages/sqlalchemy/engine/base.py", line 3297, in raw_connection
    return self.pool.connect()
  File "/usr/local/lib/python3.10/dist-packages/sqlalchemy/pool/base.py", line 449, in connect
    return _ConnectionFairy._checkout(self)
  File "/usr/local/lib/python3.10/dist-packages/sqlalchemy/pool/base.py", line 1264, in _checkout
    fairy = _ConnectionRecord.checkout(pool)
  File "/usr/local/lib/python3.10/dist-packages/sqlalchemy/pool/base.py", line 713, in checkout
    rec = pool._do_get()
  File "/usr/local/lib/python3.10/dist-packages/sqlalchemy/pool/impl.py", line 179, in _do_get
    with util.safe_reraise():
  File "/usr/local/lib/python3.10/dist-packages/sqlalchemy/util/langhelpers.py", line 224, in __exit__
    raise exc_value.with_traceback(exc_tb)
  File "/usr/local/lib/python3.10/dist-packages/sqlalchemy/pool/impl.py", line 177, in _do_get
    return self._create_connection()
  File "/usr/local/lib/python3.10/dist-packages/sqlalchemy/pool/base.py", line 390, in _create_connection
    return _ConnectionRecord(self)
  File "/usr/local/lib/python3.10/dist-packages/sqlalchemy/pool/base.py", line 675, in __init__
    self.__connect()
  File "/usr/local/lib/python3.10/dist-packages/sqlalchemy/pool/base.py", line 901, in __connect
    with util.safe_reraise():
  File "/usr/local/lib/python3.10/dist-packages/sqlalchemy/util/langhelpers.py", line 224, in __exit__
    raise exc_value.with_traceback(exc_tb)
  File "/usr/local/lib/python3.10/dist-packages/sqlalchemy/pool/base.py", line 897, in __connect
    self.dbapi_connection = connection = pool._invoke_creator(self)
  File "/usr/local/lib/python3.10/dist-packages/sqlalchemy/engine/create.py", line 646, in connect
    return dialect.connect(*cargs, **cparams)
  File "/usr/local/lib/python3.10/dist-packages/sqlalchemy/engine/default.py", line 625, in connect
    return self.loaded_dbapi.connect(*cargs, **cparams)  # type: ignore[no-any-return]  # NOQA: E501
  File "/usr/local/lib/python3.10/dist-packages/MySQLdb/__init__.py", line 121, in Connect
    return Connection(*args, **kwargs)
  File "/usr/local/lib/python3.10/dist-packages/MySQLdb/connections.py", line 200, in __init__
    super().__init__(*args, **kwargs2)
MySQLdb.OperationalError: (2002, "Can't connect to local MySQL server through socket '/var/run/mysqld/mysqld.sock' (2)")

The above exception was the direct cause of the following exception:

Traceback (most recent call last):
  File "/app/server.py", line 1029, in <module>
    asyncio.run(main())
  File "/usr/lib/python3.10/asyncio/runners.py", line 44, in run
    return loop.run_until_complete(main)
  File "/usr/lib/python3.10/asyncio/base_events.py", line 649, in run_until_complete
    return future.result()
  File "/app/server.py", line 940, in main
    trackCount = db.query(database.Event).filter_by(action='remix', success = True).count()
  File "/usr/local/lib/python3.10/dist-packages/sqlalchemy/orm/query.py", line 3146, in count
    self._legacy_from_self(col).enable_eagerloads(False).scalar()
  File "/usr/local/lib/python3.10/dist-packages/sqlalchemy/orm/query.py", line 2835, in scalar
    ret = self.one()
  File "/usr/local/lib/python3.10/dist-packages/sqlalchemy/orm/query.py", line 2808, in one
    return self._iter().one()  # type: ignore
  File "/usr/local/lib/python3.10/dist-packages/sqlalchemy/orm/query.py", line 2857, in _iter
    result: Union[ScalarResult[_T], Result[_T]] = self.session.execute(
  File "/usr/local/lib/python3.10/dist-packages/sqlalchemy/orm/session.py", line 2365, in execute
    return self._execute_internal(
  File "/usr/local/lib/python3.10/dist-packages/sqlalchemy/orm/session.py", line 2241, in _execute_internal
    conn = self._connection_for_bind(bind)
  File "/usr/local/lib/python3.10/dist-packages/sqlalchemy/orm/session.py", line 2110, in _connection_for_bind
    return trans._connection_for_bind(engine, execution_options)
  File "<string>", line 2, in _connection_for_bind
  File "/usr/local/lib/python3.10/dist-packages/sqlalchemy/orm/state_changes.py", line 139, in _go
    ret_value = fn(self, *arg, **kw)
  File "/usr/local/lib/python3.10/dist-packages/sqlalchemy/orm/session.py", line 1189, in _connection_for_bind
    conn = bind.connect()
  File "/usr/local/lib/python3.10/dist-packages/sqlalchemy/engine/base.py", line 3273, in connect
    return self._connection_cls(self)
  File "/usr/local/lib/python3.10/dist-packages/sqlalchemy/engine/base.py", line 147, in __init__
    Connection._handle_dbapi_exception_noconnection(
  File "/usr/local/lib/python3.10/dist-packages/sqlalchemy/engine/base.py", line 2436, in _handle_dbapi_exception_noconnection
    raise sqlalchemy_exception.with_traceback(exc_info[2]) from e
  File "/usr/local/lib/python3.10/dist-packages/sqlalchemy/engine/base.py", line 145, in __init__
    self._dbapi_connection = engine.raw_connection()
  File "/usr/local/lib/python3.10/dist-packages/sqlalchemy/engine/base.py", line 3297, in raw_connection
    return self.pool.connect()
  File "/usr/local/lib/python3.10/dist-packages/sqlalchemy/pool/base.py", line 449, in connect
    return _ConnectionFairy._checkout(self)
  File "/usr/local/lib/python3.10/dist-packages/sqlalchemy/pool/base.py", line 1264, in _checkout
    fairy = _ConnectionRecord.checkout(pool)
  File "/usr/local/lib/python3.10/dist-packages/sqlalchemy/pool/base.py", line 713, in checkout
    rec = pool._do_get()
  File "/usr/local/lib/python3.10/dist-packages/sqlalchemy/pool/impl.py", line 179, in _do_get
    with util.safe_reraise():
  File "/usr/local/lib/python3.10/dist-packages/sqlalchemy/util/langhelpers.py", line 224, in __exit__
    raise exc_value.with_traceback(exc_tb)
  File "/usr/local/lib/python3.10/dist-packages/sqlalchemy/pool/impl.py", line 177, in _do_get
    return self._create_connection()
  File "/usr/local/lib/python3.10/dist-packages/sqlalchemy/pool/base.py", line 390, in _create_connection
    return _ConnectionRecord(self)
  File "/usr/local/lib/python3.10/dist-packages/sqlalchemy/pool/base.py", line 675, in __init__
    self.__connect()
  File "/usr/local/lib/python3.10/dist-packages/sqlalchemy/pool/base.py", line 901, in __connect
    with util.safe_reraise():
  File "/usr/local/lib/python3.10/dist-packages/sqlalchemy/util/langhelpers.py", line 224, in __exit__
    raise exc_value.with_traceback(exc_tb)
  File "/usr/local/lib/python3.10/dist-packages/sqlalchemy/pool/base.py", line 897, in __connect
    self.dbapi_connection = connection = pool._invoke_creator(self)
  File "/usr/local/lib/python3.10/dist-packages/sqlalchemy/engine/create.py", line 646, in connect
    return dialect.connect(*cargs, **cparams)
  File "/usr/local/lib/python3.10/dist-packages/sqlalchemy/engine/default.py", line 625, in connect
    return self.loaded_dbapi.connect(*cargs, **cparams)  # type: ignore[no-any-return]  # NOQA: E501
  File "/usr/local/lib/python3.10/dist-packages/MySQLdb/__init__.py", line 121, in Connect
    return Connection(*args, **kwargs)
  File "/usr/local/lib/python3.10/dist-packages/MySQLdb/connections.py", line 200, in __init__
    super().__init__(*args, **kwargs2)
sqlalchemy.exc.OperationalError: (MySQLdb.OperationalError) (2002, "Can't connect to local MySQL server through socket '/var/run/mysqld/mysqld.sock' (2)")
(Background on this error at: https://sqlalche.me/e/20/e3q8)

2025-05-30 22:42:27,371 (WARNING) server:927: Could not set locale to en_US.utf8, trying en_US: unsupported locale setting
2025-05-30 22:42:27,371 (ERROR) server:931: Could not set locale to en_US either: unsupported locale setting. Proceeding with default locale.
2025-05-30 22:42:27,387 (CRITICAL) server:1033: Unhandled exception in main: (MySQLdb.OperationalError) (2002, "Can't connect to local MySQL server through socket '/var/run/mysqld/mysqld.sock' (2)")
(Background on this error at: https://sqlalche.me/e/20/e3q8)
Traceback (most recent call last):
  File "/usr/local/lib/python3.10/dist-packages/sqlalchemy/engine/base.py", line 145, in __init__
    self._dbapi_connection = engine.raw_connection()
  File "/usr/local/lib/python3.10/dist-packages/sqlalchemy/engine/base.py", line 3297, in raw_connection
    return self.pool.connect()
  File "/usr/local/lib/python3.10/dist-packages/sqlalchemy/pool/base.py", line 449, in connect
    return _ConnectionFairy._checkout(self)
  File "/usr/local/lib/python3.10/dist-packages/sqlalchemy/pool/base.py", line 1264, in _checkout
    fairy = _ConnectionRecord.checkout(pool)
  File "/usr/local/lib/python3.10/dist-packages/sqlalchemy/pool/base.py", line 713, in checkout
    rec = pool._do_get()
  File "/usr/local/lib/python3.10/dist-packages/sqlalchemy/pool/impl.py", line 179, in _do_get
    with util.safe_reraise():
  File "/usr/local/lib/python3.10/dist-packages/sqlalchemy/util/langhelpers.py", line 224, in __exit__
    raise exc_value.with_traceback(exc_tb)
  File "/usr/local/lib/python3.10/dist-packages/sqlalchemy/pool/impl.py", line 177, in _do_get
    return self._create_connection()
  File "/usr/local/lib/python3.10/dist-packages/sqlalchemy/pool/base.py", line 390, in _create_connection
    return _ConnectionRecord(self)
  File "/usr/local/lib/python3.10/dist-packages/sqlalchemy/pool/base.py", line 675, in __init__
    self.__connect()
  File "/usr/local/lib/python3.10/dist-packages/sqlalchemy/pool/base.py", line 901, in __connect
    with util.safe_reraise():
  File "/usr/local/lib/python3.10/dist-packages/sqlalchemy/util/langhelpers.py", line 224, in __exit__
    raise exc_value.with_traceback(exc_tb)
  File "/usr/local/lib/python3.10/dist-packages/sqlalchemy/pool/base.py", line 897, in __connect
    self.dbapi_connection = connection = pool._invoke_creator(self)
  File "/usr/local/lib/python3.10/dist-packages/sqlalchemy/engine/create.py", line 646, in connect
    return dialect.connect(*cargs, **cparams)
  File "/usr/local/lib/python3.10/dist-packages/sqlalchemy/engine/default.py", line 625, in connect
    return self.loaded_dbapi.connect(*cargs, **cparams)  # type: ignore[no-any-return]  # NOQA: E501
  File "/usr/local/lib/python3.10/dist-packages/MySQLdb/__init__.py", line 121, in Connect
    return Connection(*args, **kwargs)
  File "/usr/local/lib/python3.10/dist-packages/MySQLdb/connections.py", line 200, in __init__
    super().__init__(*args, **kwargs2)
MySQLdb.OperationalError: (2002, "Can't connect to local MySQL server through socket '/var/run/mysqld/mysqld.sock' (2)")

The above exception was the direct cause of the following exception:

Traceback (most recent call last):
  File "/app/server.py", line 1029, in <module>
    asyncio.run(main())
  File "/usr/lib/python3.10/asyncio/runners.py", line 44, in run
    return loop.run_until_complete(main)
  File "/usr/lib/python3.10/asyncio/base_events.py", line 649, in run_until_complete
    return future.result()
  File "/app/server.py", line 940, in main
    trackCount = db.query(database.Event).filter_by(action='remix', success = True).count()
  File "/usr/local/lib/python3.10/dist-packages/sqlalchemy/orm/query.py", line 3146, in count
    self._legacy_from_self(col).enable_eagerloads(False).scalar()
  File "/usr/local/lib/python3.10/dist-packages/sqlalchemy/orm/query.py", line 2835, in scalar
    ret = self.one()
  File "/usr/local/lib/python3.10/dist-packages/sqlalchemy/orm/query.py", line 2808, in one
    return self._iter().one()  # type: ignore
  File "/usr/local/lib/python3.10/dist-packages/sqlalchemy/orm/query.py", line 2857, in _iter
    result: Union[ScalarResult[_T], Result[_T]] = self.session.execute(
  File "/usr/local/lib/python3.10/dist-packages/sqlalchemy/orm/session.py", line 2365, in execute
    return self._execute_internal(
  File "/usr/local/lib/python3.10/dist-packages/sqlalchemy/orm/session.py", line 2241, in _execute_internal
    conn = self._connection_for_bind(bind)
  File "/usr/local/lib/python3.10/dist-packages/sqlalchemy/orm/session.py", line 2110, in _connection_for_bind
    return trans._connection_for_bind(engine, execution_options)
  File "<string>", line 2, in _connection_for_bind
  File "/usr/local/lib/python3.10/dist-packages/sqlalchemy/orm/state_changes.py", line 139, in _go
    ret_value = fn(self, *arg, **kw)
  File "/usr/local/lib/python3.10/dist-packages/sqlalchemy/orm/session.py", line 1189, in _connection_for_bind
    conn = bind.connect()
  File "/usr/local/lib/python3.10/dist-packages/sqlalchemy/engine/base.py", line 3273, in connect
    return self._connection_cls(self)
  File "/usr/local/lib/python3.10/dist-packages/sqlalchemy/engine/base.py", line 147, in __init__
    Connection._handle_dbapi_exception_noconnection(
  File "/usr/local/lib/python3.10/dist-packages/sqlalchemy/engine/base.py", line 2436, in _handle_dbapi_exception_noconnection
    raise sqlalchemy_exception.with_traceback(exc_info[2]) from e
  File "/usr/local/lib/python3.10/dist-packages/sqlalchemy/engine/base.py", line 145, in __init__
    self._dbapi_connection = engine.raw_connection()
  File "/usr/local/lib/python3.10/dist-packages/sqlalchemy/engine/base.py", line 3297, in raw_connection
    return self.pool.connect()
  File "/usr/local/lib/python3.10/dist-packages/sqlalchemy/pool/base.py", line 449, in connect
    return _ConnectionFairy._checkout(self)
  File "/usr/local/lib/python3.10/dist-packages/sqlalchemy/pool/base.py", line 1264, in _checkout
    fairy = _ConnectionRecord.checkout(pool)
  File "/usr/local/lib/python3.10/dist-packages/sqlalchemy/pool/base.py", line 713, in checkout
    rec = pool._do_get()
  File "/usr/local/lib/python3.10/dist-packages/sqlalchemy/pool/impl.py", line 179, in _do_get
    with util.safe_reraise():
  File "/usr/local/lib/python3.10/dist-packages/sqlalchemy/util/langhelpers.py", line 224, in __exit__
    raise exc_value.with_traceback(exc_tb)
  File "/usr/local/lib/python3.10/dist-packages/sqlalchemy/pool/impl.py", line 177, in _do_get
    return self._create_connection()
  File "/usr/local/lib/python3.10/dist-packages/sqlalchemy/pool/base.py", line 390, in _create_connection
    return _ConnectionRecord(self)
  File "/usr/local/lib/python3.10/dist-packages/sqlalchemy/pool/base.py", line 675, in __init__
    self.__connect()
  File "/usr/local/lib/python3.10/dist-packages/sqlalchemy/pool/base.py", line 901, in __connect
    with util.safe_reraise():
  File "/usr/local/lib/python3.10/dist-packages/sqlalchemy/util/langhelpers.py", line 224, in __exit__
    raise exc_value.with_traceback(exc_tb)
  File "/usr/local/lib/python3.10/dist-packages/sqlalchemy/pool/base.py", line 897, in __connect
    self.dbapi_connection = connection = pool._invoke_creator(self)
  File "/usr/local/lib/python3.10/dist-packages/sqlalchemy/engine/create.py", line 646, in connect
    return dialect.connect(*cargs, **cparams)
  File "/usr/local/lib/python3.10/dist-packages/sqlalchemy/engine/default.py", line 625, in connect
    return self.loaded_dbapi.connect(*cargs, **cparams)  # type: ignore[no-any-return]  # NOQA: E501
  File "/usr/local/lib/python3.10/dist-packages/MySQLdb/__init__.py", line 121, in Connect
    return Connection(*args, **kwargs)
  File "/usr/local/lib/python3.10/dist-packages/MySQLdb/connections.py", line 200, in __init__
    super().__init__(*args, **kwargs2)
sqlalchemy.exc.OperationalError: (MySQLdb.OperationalError) (2002, "Can't connect to local MySQL server through socket '/var/run/mysqld/mysqld.sock' (2)")
(Background on this error at: https://sqlalche.me/e/20/e3q8)

2025-05-30 22:40:29,826 (WARNING) server:927: Could not set locale to en_US.utf8, trying en_US: unsupported locale setting
2025-05-30 22:40:29,827 (ERROR) server:931: Could not set locale to en_US either: unsupported locale setting. Proceeding with default locale.
2025-05-30 22:40:29,845 (INFO) base:1096: BEGIN (implicit)
2025-05-30 22:40:29,857 (INFO) base:1895: SELECT count(*) AS count_1
FROM (SELECT events.id AS events_id, events.uid AS events_uid, events.action AS events_action, events.start AS events_start, events."end" AS events_end, events.success AS events_success, events.ip AS events_ip, events.detail AS events_detail
FROM events
WHERE events.action = ? AND events.success = 1) AS anon_1
2025-05-30 22:40:29,857 (INFO) base:1900: [generated in 0.00045s] ('remix',)
2025-05-30 22:40:29,916 (CRITICAL) server:1033: Unhandled exception in main: (sqlite3.OperationalError) no such table: events
[SQL: SELECT count(*) AS count_1
FROM (SELECT events.id AS events_id, events.uid AS events_uid, events.action AS events_action, events.start AS events_start, events."end" AS events_end, events.success AS events_success, events.ip AS events_ip, events.detail AS events_detail
FROM events
WHERE events.action = ? AND events.success = 1) AS anon_1]
[parameters: ('remix',)]
(Background on this error at: https://sqlalche.me/e/20/e3q8)
Traceback (most recent call last):
  File "/usr/local/lib/python3.10/dist-packages/sqlalchemy/engine/base.py", line 1963, in _exec_single_context
    self.dialect.do_execute(
  File "/usr/local/lib/python3.10/dist-packages/sqlalchemy/engine/default.py", line 943, in do_execute
    cursor.execute(statement, parameters)
sqlite3.OperationalError: no such table: events

The above exception was the direct cause of the following exception:

Traceback (most recent call last):
  File "/app/server.py", line 1029, in <module>
    asyncio.run(main())
  File "/usr/lib/python3.10/asyncio/runners.py", line 44, in run
    return loop.run_until_complete(main)
  File "/usr/lib/python3.10/asyncio/base_events.py", line 649, in run_until_complete
    return future.result()
  File "/app/server.py", line 940, in main
    trackCount = db.query(database.Event).filter_by(action='remix', success = True).count()
  File "/usr/local/lib/python3.10/dist-packages/sqlalchemy/orm/query.py", line 3146, in count
    self._legacy_from_self(col).enable_eagerloads(False).scalar()
  File "/usr/local/lib/python3.10/dist-packages/sqlalchemy/orm/query.py", line 2835, in scalar
    ret = self.one()
  File "/usr/local/lib/python3.10/dist-packages/sqlalchemy/orm/query.py", line 2808, in one
    return self._iter().one()  # type: ignore
  File "/usr/local/lib/python3.10/dist-packages/sqlalchemy/orm/query.py", line 2857, in _iter
    result: Union[ScalarResult[_T], Result[_T]] = self.session.execute(
  File "/usr/local/lib/python3.10/dist-packages/sqlalchemy/orm/session.py", line 2365, in execute
    return self._execute_internal(
  File "/usr/local/lib/python3.10/dist-packages/sqlalchemy/orm/session.py", line 2251, in _execute_internal
    result: Result[Any] = compile_state_cls.orm_execute_statement(
  File "/usr/local/lib/python3.10/dist-packages/sqlalchemy/orm/context.py", line 306, in orm_execute_statement
    result = conn.execute(
  File "/usr/local/lib/python3.10/dist-packages/sqlalchemy/engine/base.py", line 1415, in execute
    return meth(
  File "/usr/local/lib/python3.10/dist-packages/sqlalchemy/sql/elements.py", line 523, in _execute_on_connection
    return connection._execute_clauseelement(
  File "/usr/local/lib/python3.10/dist-packages/sqlalchemy/engine/base.py", line 1637, in _execute_clauseelement
    ret = self._execute_context(
  File "/usr/local/lib/python3.10/dist-packages/sqlalchemy/engine/base.py", line 1842, in _execute_context
    return self._exec_single_context(
  File "/usr/local/lib/python3.10/dist-packages/sqlalchemy/engine/base.py", line 1982, in _exec_single_context
    self._handle_dbapi_exception(
  File "/usr/local/lib/python3.10/dist-packages/sqlalchemy/engine/base.py", line 2351, in _handle_dbapi_exception
    raise sqlalchemy_exception.with_traceback(exc_info[2]) from e
  File "/usr/local/lib/python3.10/dist-packages/sqlalchemy/engine/base.py", line 1963, in _exec_single_context
    self.dialect.do_execute(
  File "/usr/local/lib/python3.10/dist-packages/sqlalchemy/engine/default.py", line 943, in do_execute
    cursor.execute(statement, parameters)
sqlalchemy.exc.OperationalError: (sqlite3.OperationalError) no such table: events
[SQL: SELECT count(*) AS count_1
FROM (SELECT events.id AS events_id, events.uid AS events_uid, events.action AS events_action, events.start AS events_start, events."end" AS events_end, events.success AS events_success, events.ip AS events_ip, events.detail AS events_detail
FROM events
WHERE events.action = ? AND events.success = 1) AS anon_1]
[parameters: ('remix',)]
(Background on this error at: https://sqlalche.me/e/20/e3q8)

2025-05-30 22:43:18,016 (WARNING) server:928: Could not set locale to en_US.utf8, trying en_US: unsupported locale setting
2025-05-30 22:43:18,017 (ERROR) server:932: Could not set locale to en_US either: unsupported locale setting. Proceeding with default locale.
2025-05-30 22:43:18,018 (INFO) base:1096: BEGIN (implicit)
2025-05-30 22:43:18,018 (INFO) base:1895: PRAGMA main.table_info("tracks")
2025-05-30 22:43:18,018 (INFO) base:1900: [raw sql] ()
2025-05-30 22:43:18,019 (INFO) base:1895: PRAGMA temp.table_info("tracks")
2025-05-30 22:43:18,019 (INFO) base:1900: [raw sql] ()
2025-05-30 22:43:18,019 (INFO) base:1895: PRAGMA main.table_info("events")
2025-05-30 22:43:18,019 (INFO) base:1900: [raw sql] ()
2025-05-30 22:43:18,019 (INFO) base:1895: PRAGMA temp.table_info("events")
2025-05-30 22:43:18,019 (INFO) base:1900: [raw sql] ()
2025-05-30 22:43:18,020 (INFO) base:1895:
CREATE TABLE tracks (
	id INTEGER NOT NULL,
	uid CHAR(32),
	time DATETIME,
	hash CHAR(32),
	size INTEGER,
	style VARCHAR,
	length INTEGER,
	samplerate INTEGER,
	channels INTEGER,
	extension VARCHAR,
	bitrate INTEGER,
	title VARCHAR,
	artist VARCHAR,
	album VARCHAR,
	art VARCHAR,
	thumbnail VARCHAR,
	PRIMARY KEY (id)
)


2025-05-30 22:43:18,020 (INFO) base:1900: [no key 0.00013s] ()
2025-05-30 22:43:18,027 (INFO) base:1895:
CREATE TABLE events (
	id INTEGER NOT NULL,
	uid CHAR(32),
	action VARCHAR,
	start DATETIME,
	"end" DATETIME,
	success BOOLEAN,
	ip VARCHAR,
	detail TEXT,
	PRIMARY KEY (id),
	FOREIGN KEY(uid) REFERENCES tracks (uid)
)


2025-05-30 22:43:18,027 (INFO) base:1900: [no key 0.00019s] ()
2025-05-30 22:43:18,030 (INFO) base:1139: COMMIT
2025-05-30 22:43:18,039 (INFO) base:1096: BEGIN (implicit)
2025-05-30 22:43:18,045 (INFO) base:1895: SELECT count(*) AS count_1
FROM (SELECT events.id AS events_id, events.uid AS events_uid, events.action AS events_action, events.start AS events_start, events."end" AS events_end, events.success AS events_success, events.ip AS events_ip, events.detail AS events_detail
FROM events
WHERE events.action = ? AND events.success = 1) AS anon_1
2025-05-30 22:43:18,046 (INFO) base:1900: [generated in 0.00044s] ('remix',)
2025-05-30 22:43:18,056 (INFO) base:1895: SELECT tracks.thumbnail AS tracks_thumbnail
FROM tracks ORDER BY tracks.id DESC
 LIMIT ? OFFSET ?
2025-05-30 22:43:18,057 (INFO) base:1900: [generated in 0.00035s] (20, 0)
2025-05-30 22:43:18,148 (CRITICAL) server:1043: Unhandled exception in main: RemixQueue.__init__() missing 1 required positional argument: 'logger'
Traceback (most recent call last):
  File "/app/server.py", line 1039, in <module>
    asyncio.run(main())
  File "/usr/lib/python3.10/asyncio/runners.py", line 44, in run
    return loop.run_until_complete(main)
  File "/usr/lib/python3.10/asyncio/base_events.py", line 649, in run_until_complete
    return future.result()
  File "/app/server.py", line 996, in main
    r = RemixQueue(
TypeError: RemixQueue.__init__() missing 1 required positional argument: 'logger'

2025-05-30 22:45:06,699 (WARNING) server:928: Could not set locale to en_US.utf8, trying en_US: unsupported locale setting
2025-05-30 22:45:06,699 (ERROR) server:932: Could not set locale to en_US either: unsupported locale setting. Proceeding with default locale.
2025-05-30 22:45:06,700 (INFO) base:1096: BEGIN (implicit)
2025-05-30 22:45:06,700 (INFO) base:1895: PRAGMA main.table_info("tracks")
2025-05-30 22:45:06,700 (INFO) base:1900: [raw sql] ()
2025-05-30 22:45:06,701 (INFO) base:1895: PRAGMA main.table_info("events")
2025-05-30 22:45:06,701 (INFO) base:1900: [raw sql] ()
2025-05-30 22:45:06,701 (INFO) base:1139: COMMIT
2025-05-30 22:45:06,709 (INFO) base:1096: BEGIN (implicit)
2025-05-30 22:45:06,715 (INFO) base:1895: SELECT count(*) AS count_1
FROM (SELECT events.id AS events_id, events.uid AS events_uid, events.action AS events_action, events.start AS events_start, events."end" AS events_end, events.success AS events_success, events.ip AS events_ip, events.detail AS events_detail
FROM events
WHERE events.action = ? AND events.success = 1) AS anon_1
2025-05-30 22:45:06,715 (INFO) base:1900: [generated in 0.00027s] ('remix',)
2025-05-30 22:45:06,717 (INFO) base:1895: SELECT tracks.thumbnail AS tracks_thumbnail
FROM tracks ORDER BY tracks.id DESC
 LIMIT ? OFFSET ?
2025-05-30 22:45:06,717 (INFO) base:1900: [generated in 0.00020s] (20, 0)
2025-05-30 22:45:07,306 (ERROR) base_events:1758: Future exception was never retrieved
future: <Future finished exception=HTTP 401: Unauthorized>
tornado.httpclient.HTTPClientError: HTTP 401: Unauthorized
